main.c:146:6:MotorStop	4	static
main.c:158:6:setAngle	40	static
main.c:173:5:_write	24	static
main.c:187:6:SBUS_Data	4	static
main.c:231:6:setMotor	8	static
main.c:313:6:HAL_UART_RxCpltCallback	16	static
main.c:333:5:main	8	static
main.c:414:6:SystemClock_Config	96	static
main.c:462:13:MX_TIM1_Init	72	static
main.c:538:13:MX_TIM2_Init	72	static
main.c:612:13:MX_TIM3_Init	72	static
main.c:686:13:MX_TIM4_Init	72	static
main.c:760:13:MX_TIM8_Init	112	static
main.c:852:13:MX_TIM15_Init	112	static
main.c:927:13:MX_UART5_Init	8	static
main.c:962:13:MX_USART1_UART_Init	8	static
main.c:997:13:MX_USART2_UART_Init	8	static
main.c:1032:13:MX_USART3_UART_Init	8	static
main.c:1067:13:MX_GPIO_Init	48	static
main.c:1152:6:HAL_GPIO_EXTI_Callback	16	static
main.c:1162:6:HAL_TIM_PeriodElapsedCallback	16	static
main.c:1175:6:Error_Handler	4	static,ignoring_inline_asm
