stm32l4xx_it.c:79:6:NMI_Handler	4	static
stm32l4xx_it.c:94:6:HardFault_Handler	4	static
stm32l4xx_it.c:109:6:MemManage_Handler	4	static
stm32l4xx_it.c:124:6:BusFault_Handler	4	static
stm32l4xx_it.c:139:6:UsageFault_Handler	4	static
stm32l4xx_it.c:154:6:SVC_Handler	4	static
stm32l4xx_it.c:167:6:DebugMon_Handler	4	static
stm32l4xx_it.c:180:6:PendSV_Handler	4	static
stm32l4xx_it.c:193:6:SysTick_Handler	8	static
stm32l4xx_it.c:214:6:EXTI2_IRQHandler	8	static
stm32l4xx_it.c:228:6:TIM1_BRK_TIM15_IRQHandler	8	static
stm32l4xx_it.c:243:6:TIM1_UP_TIM16_IRQHandler	8	static
stm32l4xx_it.c:257:6:TIM1_TRG_COM_TIM17_IRQHandler	8	static
stm32l4xx_it.c:271:6:TIM1_CC_IRQHandler	8	static
stm32l4xx_it.c:285:6:TIM2_IRQHandler	8	static
stm32l4xx_it.c:299:6:TIM3_IRQHandler	8	static
stm32l4xx_it.c:313:6:TIM4_IRQHandler	8	static
stm32l4xx_it.c:327:6:USART1_IRQHandler	8	static
stm32l4xx_it.c:341:6:USART2_IRQHandler	8	static
stm32l4xx_it.c:355:6:USART3_IRQHandler	8	static
stm32l4xx_it.c:369:6:EXTI15_10_IRQHandler	8	static
stm32l4xx_it.c:383:6:TIM8_BRK_IRQHandler	8	static
stm32l4xx_it.c:397:6:TIM8_UP_IRQHandler	8	static
stm32l4xx_it.c:411:6:TIM8_TRG_COM_IRQHandler	8	static
stm32l4xx_it.c:425:6:TIM8_CC_IRQHandler	8	static
stm32l4xx_it.c:439:6:UART5_IRQHandler	8	static
